
[Test 1] Classification embedding
  [PASS] dtype is float32
  [PASS] length is EMBEDDING_DIM
  [PASS] no NaN values
  [PASS] 1-D array

[Test 2] Regression embedding
  [PASS] dtype is float32
  [PASS] length is EMBEDDING_DIM
  [PASS] no NaN values

[Test 3] Multiclass embedding
  [PASS] dtype is float32
  [PASS] no NaN values
  [PASS] task_type index = 2 (multiclass) before normalisation

[Test 4] No target provided
  [PASS] dtype is float32
  [PASS] length is EMBEDDING_DIM
  [PASS] no NaN values

[Test 5] build_embedding_matrix
  [PASS] shape is (3, EMBEDDING_DIM)
  [PASS] dtype is float32
  [PASS] no NaN values

[Test 6] save_embeddings
  [PASS] file exists
  [PASS] JSON has 2 entries
  [PASS] each entry has required keys
  [PASS] embedding is a list of floats

==================================================
  Results:  20 passed,  0 failed
==================================================
